00:02.328  blend            | Read blend: "C:\Users\yigit\angora-tur10\adim10\sahne.blend"
09:03:16 | INFO: Data are loaded, start creating Blender stuff
09:03:16 | INFO: Blender create Mesh node Mesh_1179.002
09:03:16 | INFO: Blender create Mesh node Mesh_93.001
09:03:16 | INFO: Blender create Mesh node Mesh_8.002
09:03:16 | INFO: Blender create Mesh node Mesh_93.003
09:03:16 | INFO: Blender create Mesh node Mesh_8.004
09:03:16 | INFO: Blender create Mesh node Mesh_1179.007
09:03:16 | INFO: Blender create Mesh node Mesh_93.004
09:03:16 | INFO: Blender create Mesh node Mesh_93.006
09:03:16 | INFO: Blender create Mesh node Mesh_93.007
09:03:16 | INFO: Blender create Mesh node meshes[0].006
09:03:18 | INFO: Blender create Mesh node Mesh_1179.010
09:03:18 | INFO: glTF import finished in 1.54s
C:\Users\yigit\Desktop\WORK\angora\adim10-uv-hazir.py:10: DeprecationWarning: 'Material.use_nodes' is expected to be removed in Blender 6.0
  s=mat.name.lower();no=mat.get('angora_doku_no');bs=next((n for n in mat.node_tree.nodes if n.type=='BSDF_PRINCIPLED'),None) if mat.use_nodes else None
[UV] split 0
[UV] split 100
[UV] split 200
[UV] split 300
[UV] split 400
[UV] split 500
[UV] split 600
[UV] split 700
[UV] split 800
[UV] split 900
[UV] split 1000
[UV] split 1100
[UV] split 1200
[UV] split 1300
[UV] split 1400
[UV] split 1500
[UV] split 1600
[UV] yon interior.001 118
[UV] yon gravel [imported].002 0
[UV] yon ceiling [imported].002 4
[UV] yon wood_floor__FOTO_03_wood_floor 0
[UV] yon wood_floor__FOTO_19_wood_floor 0
[UV] yon stucco [imported].001 5
[UV] yon Cube.001__FOTO_09_WOODY-DARK 0
[UV] yon Cube.001__FOTO_13_WOODY-DARK 0
[UV] yon Cube.001__FOTO_16_WOODY-DARK 0
[UV] yon wood_dark (4)__FOTO_16_WOODY-DARK.001 3447
[UV] yon wood_dark (4)__FOTO_09_WOODY-DARK.001 2964
[UV] yon wood_dark (4)__FOTO_13_WOODY-DARK.001 2176
[UV] yon Cube__WHT.001 0
[UV] yon Cube__FOTO_29_WHT.001 0
[UV] yon Clay tile 6 [imported].001 10
[UV] yon roof.001 0
[UV] yon terra_floor__FOTO_04_terra_floor 2
[UV] yon terra_floor__FOTO_26_terra_floor 0
[UV] yon wood_floor.001__FOTO_19_WOOD-FL 0
[UV] yon wood_floor.001__FOTO_03_WOOD-FL 93
[UV] yon stone_tile.001 0
[UV] yon R31 | R33 entrance WC ochre tile.001 1
[UV] yon R31 | R33 master pale cream tile.001 0
[UV] yon R44 joined | fixed | R31 | Shared bathroom ivory wall tile__FOTO_08_RR 0
[UV] yon R44 joined | fixed | R31 | Shared bathroom ivory wall tile__FOTO_32_RR 0
[UV] yon R31 | R33 entrance navy mosaic band.001 2
[UV] yon R31 | R33 ivory wall ceramic.001 3
[UV] yon R31 | R33 master fine mosaic band.001 0
[UV] yon R31 | R33 attic cream tile.001 0
[UV] yon R31 | R33 attic tan mosaic band.001 0
[UV] yon Lift | Photographed walnut door finish (4).001__FOTO_10_Simple wood 0
[UV] yon Lift | Photographed walnut door finish (4).001__FOTO_22_Simple wood 0
[UV] yon metal2.001 0
[UV] yon ROUGHNESS63__X 66
[UV] yon ROUGHNESS63__FOTO_07_X 0
[UV] yon ROUGHNESS63__FOTO_06_X 0
[UV] yon ROUGHNESS63__FOTO_11_X 0
[UV] yon wc.001 47
[UV] yon wht.001 104
[UV] yon WOOD1__R31 | R33 antique nook walnut 0
[UV] yon WOOD1__FOTO_22_R31 | R33 antique nook walnut 3
[UV] yon WOOD1__FOTO_31_R31 | R33 antique nook walnut 4
[UV] yon WOOD1__FOTO_12_R31 | R33 antique nook walnut 0
[UV] yon WOOD2__FOTO_05_wood_honey 21
[UV] yon WOOD2__FOTO_23_wood_honey 5
[UV] yon WOOD2__FOTO_21_wood_honey 5
[UV] yon WOOD2__FOTO_20_wood_honey 2
[UV] yon WOOD2__FOTO_31_wood_honey 0
[UV] yon A04_F29_sol_kiris.001 0
[UV] yon A04_K01_esik_kapagi.001 0
[UV] yon A04_K01_kasa_ic_kaplama.002 0
[UV] yon A04_K01_kasa_ic_kaplama.003 0
[UV] yon A04_K01_kasa_ust_kaplama.001 0
[UV] yon A04_K02_esik_kapagi.001 0
[UV] yon A04_K02_kasa_ic_kaplama.002 0
[UV] yon A04_K02_kasa_ic_kaplama.003 0
[UV] yon A04_K02_kasa_ust_kaplama.001 0
[UV] yon A04_K03_esik_kapagi.001 0
[UV] yon A04_K03_kasa_ic_kaplama.002 0
[UV] yon A04_K03_kasa_ic_kaplama.003 0
[UV] yon A04_K03_kasa_ust_kaplama.001 0
[UV] yon A04_K04_esik_kapagi.001 0
[UV] yon A04_K04_kasa_ic_kaplama.002 0
[UV] yon A04_K04_kasa_ic_kaplama.003 0
[UV] yon A04_K04_kasa_ust_kaplama.001 0
[UV] yon A04_K05_esik_kapagi.001 0
[UV] yon A04_K05_kasa_ic_kaplama.002 0
[UV] yon A04_K05_kasa_ic_kaplama.003 0
[UV] yon A04_K05_kasa_ust_kaplama.001 0
[UV] yon A04_K06_esik_kapagi.001 0
[UV] yon A04_K06_kasa_ic_kaplama.002 0
[UV] yon A04_K06_kasa_ic_kaplama.003 0
[UV] yon A04_K06_kasa_ust_kaplama.001 0
[UV] yon A04_K07_esik_kapagi.001 0
[UV] yon A04_K07_kasa_ic_kaplama.002 0
[UV] yon A04_K07_kasa_ic_kaplama.003 0
[UV] yon A04_K07_kasa_ust_kaplama.001 0
[UV] yon A04_K08_esik_kapagi.001 0
[UV] yon A04_K08_kasa_ic_kaplama.002 0
[UV] yon A04_K08_kasa_ic_kaplama.003 0
[UV] yon A04_K08_kasa_ust_kaplama.001 0
[UV] yon A04_K09_esik_kapagi.001 0
[UV] yon A04_K09_kasa_ic_kaplama.002 0
[UV] yon A04_K09_kasa_ic_kaplama.003 0
[UV] yon A04_K09_kasa_ust_kaplama.001 0
[UV] yon A04_K10_esik_kapagi.001 0
[UV] yon A04_K10_kasa_ic_kaplama.002 0
[UV] yon A04_K10_kasa_ic_kaplama.003 0
[UV] yon A04_K10_kasa_ust_kaplama.001 0
[UV] yon A04_K11_esik_kapagi.001 0
[UV] yon A04_K11_kasa_ic_kaplama.002 0
[UV] yon A04_K11_kasa_ic_kaplama.003 0
[UV] yon A04_K11_kasa_ust_kaplama.001 0
[UV] yon A04_K12_esik_kapagi.001 0
[UV] yon A04_K12_kasa_ic_kaplama.002 0
[UV] yon A04_K12_kasa_ic_kaplama.003 0
[UV] yon A04_K12_kasa_ust_kaplama.001 0
[UV] yon A04_K13_esik_kapagi.001 0
[UV] yon A04_K13_kasa_ic_kaplama.002 0
[UV] yon A04_K13_kasa_ic_kaplama.003 0
[UV] yon A04_K13_kasa_ust_kaplama.001 0
[UV] yon A05_kartonpiyer_birlesik.001 68
[UV] yon A08_Cift_kasa.002 0
[UV] yon A08_Cift_kasa.003 0
[UV] yon A08_Cift_pervaz.004 0
[UV] yon A08_Cift_pervaz.005 0
[UV] yon A08_Cift_pervaz.001 0
[UV] yon A08_Cift_pervaz.002 0
[UV] yon A08_Cift_sag_alt.001 0
[UV] yon A08_Cift_sag_dikme.002 0
[UV] yon A08_Cift_sag_dikme.003 0
[UV] yon A08_Cift_sag_ust.001 0
[UV] yon A08_Cift_sol_alt.001 0
[UV] yon A08_Cift_sol_dikme.002 0
[UV] yon A08_Cift_sol_dikme.003 0
[UV] yon A08_Cift_sol_ust.001 0
[UV] yon A08_Cift_ust_kasa.001 0
[UV] yon A08_D16_X0_ayna.001 2
[UV] yon A08_D16_X0_dikme.002 0
[UV] yon A08_D16_X0_dikme.003 0
[UV] yon A08_D16_X0_ray.002 0
[UV] yon A08_D16_X0_ray.003 0
[UV] yon A08_D16_X1_dikme.002 0
[UV] yon A08_D16_X1_dikme.003 0
[UV] yon A08_D16_X1_ray.002 0
[UV] yon A08_D16_X1_ray.003 0
[UV] yon A08_D16_Y0_ayna.001 0
[UV] yon A08_D16_Y0_dikme.002 0
[UV] yon A08_D16_Y0_dikme.003 0
[UV] yon A08_D16_Y0_ray.002 0
[UV] yon A08_D16_Y0_ray.003 0
[UV] yon A08_D16_Y1_dikme.002 0
[UV] yon A08_D16_Y1_dikme.003 0
[UV] yon A08_D16_Y1_ray.002 0
[UV] yon A08_D16_Y1_ray.003 0
[UV] yon A08_F02_dolu_merdiven_alti.001 5
[UV] yon A09_F32_bordur_arka.001 0
[UV] yon A09_F32_bordur_sol.001 0
[UV] yon A09_F47_tek_duvar.001 0
[UV] yon M1_supurgelik_001.001 0
[UV] yon M1_supurgelik_002.001 0
[UV] yon M1_supurgelik_003.001 0
[UV] yon M1_supurgelik_004.001 0
[UV] yon M1_supurgelik_005.001 0
[UV] yon M1_supurgelik_006.001 0
[UV] yon M1_supurgelik_007.001 0
[UV] yon M1_supurgelik_008.001 0
[UV] yon M1_supurgelik_009.001 0
[UV] yon M1_supurgelik_010.001 0
[UV] yon M1_supurgelik_011.001 0
[UV] yon M1_supurgelik_012.001 0
[UV] yon M1_supurgelik_013.001 0
[UV] yon M1_supurgelik_014.001 0
[UV] yon M1_supurgelik_015.001 0
[UV] yon M1_supurgelik_016.001 0
[UV] yon M1_supurgelik_017.001 0
[UV] yon M1_supurgelik_018.001 0
[UV] yon M1_supurgelik_019.001 0
[UV] yon M1_supurgelik_020.001 0
[UV] yon M1_supurgelik_021.001 0
[UV] yon M1_supurgelik_022.001 0
[UV] yon M1_supurgelik_023.001 0
[UV] yon M1_supurgelik_024.001 0
[UV] yon M1_supurgelik_025.001 0
[UV] yon M1_supurgelik_026.001 0
[UV] yon M1_supurgelik_027.001 0
[UV] yon M1_supurgelik_028.001 0
[UV] yon M1_supurgelik_029.001 0
[UV] yon M1_supurgelik_030.001 0
[UV] yon M1_supurgelik_031.001 0
[UV] yon M1_supurgelik_032.001 0
[UV] yon M1_supurgelik_033.001 0
[UV] yon M1_supurgelik_034.001 0
[UV] yon M1_supurgelik_035.001 0
[UV] yon M1_supurgelik_036.001 0
[UV] yon M1_supurgelik_037.001 0
[UV] yon M1_supurgelik_038.001 0
[UV] yon M1_supurgelik_039.001 0
[UV] yon M1_supurgelik_040.001 0
[UV] yon M1_supurgelik_041.001 0
[UV] yon M1_supurgelik_042.001 0
[UV] yon M1_supurgelik_043.001 0
[UV] yon M1_supurgelik_044.001 0
[UV] yon M1_supurgelik_045.001 0
[UV] yon M1_supurgelik_046.001 0
[UV] yon M1_supurgelik_047.001 0
[UV] yon M1_supurgelik_048.001 0
[UV] yon M1_supurgelik_049.001 0
[UV] yon M1_supurgelik_050.001 0
[UV] yon M1_supurgelik_051.001 0
[UV] yon M1_supurgelik_052.001 0
[UV] yon M1_supurgelik_053.001 0
[UV] yon M1_supurgelik_054.001 0
[UV] yon M1_supurgelik_055.001 0
[UV] yon M1_supurgelik_056.001 0
[UV] yon M1_supurgelik_057.001 0
[UV] yon M1_supurgelik_058.001 0
[UV] yon M1_supurgelik_059.001 0
[UV] yon M1_supurgelik_060.001 0
[UV] yon M1_supurgelik_061.001 0
[UV] yon M1_supurgelik_062.001 0
[UV] yon M1_supurgelik_063.001 0
[UV] yon M1_supurgelik_064.001 0
[UV] yon M1_supurgelik_065.001 0
[UV] yon M1_supurgelik_066.001 0
[UV] yon M1_supurgelik_067.001 0
[UV] yon M1_supurgelik_068.001 0
[UV] yon M1_supurgelik_069.001 0
[UV] yon M1_supurgelik_070.001 0
[UV] yon M1_supurgelik_071.001 0
[UV] yon M1_supurgelik_072.001 0
[UV] yon M1_supurgelik_073.001 0
[UV] yon M1_supurgelik_074.001 0
[UV] yon M1_supurgelik_075.001 0
[UV] yon M1_supurgelik_076.001 0
[UV] yon M1_supurgelik_077.001 0
[UV] yon M1_supurgelik_078.001 0
[UV] yon M1_supurgelik_079.001 0
[UV] yon M1_supurgelik_080.001 0
[UV] yon M1_supurgelik_081.001 0
[UV] yon M1_supurgelik_082.001 0
[UV] yon M1_supurgelik_083.001 0
[UV] yon M1_supurgelik_084.001 0
[UV] yon M1_supurgelik_085.001 0
[UV] yon M1_supurgelik_086.001 0
[UV] yon M1_supurgelik_087.001 0
[UV] yon M1_supurgelik_088.001 0
[UV] yon M1_supurgelik_089.001 0
[UV] yon M1_supurgelik_090.001 0
[UV] yon M1_supurgelik_091.001 0
[UV] yon M1_supurgelik_092.001 0
[UV] yon M1_supurgelik_093.001 0
[UV] yon M1_supurgelik_094.001 0
[UV] yon M1_supurgelik_095.001 0
[UV] yon M1_supurgelik_096.001 0
[UV] yon M1_supurgelik_097.001 0
[UV] yon M1_supurgelik_098.001 0
[UV] yon M1_supurgelik_099.001 0
[UV] yon M1_supurgelik_100.001 0
[UV] yon M1_supurgelik_101.001 0
[UV] yon M1_supurgelik_102.001 0
[UV] yon M1_supurgelik_103.001 0
[UV] yon M1_supurgelik_104.001 0
[UV] yon M1_supurgelik_105.001 0
[UV] yon M1_supurgelik_106.001 0
[UV] yon M1_supurgelik_107.001 0
[UV] yon M1_supurgelik_108.001 0
[UV] yon M1_supurgelik_109.001 0
[UV] yon M1_supurgelik_110.001 0
[UV] yon M1_supurgelik_111.001 0
[UV] yon M1_supurgelik_112.001 0
[UV] yon M1_supurgelik_113.001 0
[UV] yon M1_supurgelik_114.001 0
[UV] yon M1_supurgelik_115.001 0
[UV] yon M1_supurgelik_116.001 0
[UV] yon M1_supurgelik_117.001 0
[UV] yon M1_supurgelik_118.001 0
[UV] yon M1_supurgelik_119.001 0
[UV] yon M1_supurgelik_120.001 0
[UV] yon M1_supurgelik_121.001 0
[UV] yon M1_supurgelik_122.001 0
[UV] yon M1_supurgelik_123.001 0
[UV] yon M1_supurgelik_124.001 0
[UV] yon M1_supurgelik_125.001 0
[UV] yon M1_supurgelik_126.001 0
[UV] yon M1_supurgelik_127.001 0
[UV] yon M1_supurgelik_128.001 0
[UV] yon M1_supurgelik_129.001 0
[UV] yon M1_supurgelik_130.001 0
[UV] yon M1_supurgelik_131.001 0
[UV] yon M1_supurgelik_132.001 0
[UV] yon M1_supurgelik_133.001 0
[UV] yon M1_supurgelik_134.001 0
[UV] yon M1_supurgelik_135.001 0
[UV] yon M1_supurgelik_136.001 0
[UV] yon M1_supurgelik_137.001 0
[UV] yon M1_supurgelik_138.001 0
[UV] yon M1_supurgelik_139.001 0
[UV] yon M1_supurgelik_140.001 0
[UV] yon M1_supurgelik_141.001 0
[UV] yon M1_supurgelik_142.001 0
[UV] yon M1_supurgelik_143.001 0
[UV] yon M1_supurgelik_144.001 0
[UV] yon M1_supurgelik_145.001 0
[UV] yon M1_supurgelik_146.001 0
[UV] yon M1_supurgelik_147.001 0
[UV] yon M1_supurgelik_148.001 0
[UV] yon M1_supurgelik_149.001 0
[UV] yon M1_supurgelik_150.001 0
[UV] yon M1_supurgelik_151.001 0
[UV] yon M1_supurgelik_152.001 0
[UV] yon M1_supurgelik_153.001 0
[UV] yon M1_supurgelik_154.001 0
[UV] yon M1_supurgelik_155.001 0
[UV] yon M1_supurgelik_156.001 0
[UV] yon M1_supurgelik_157.001 0
[UV] yon M1_supurgelik_158.001 0
[UV] yon M1_supurgelik_159.001 0
[UV] yon M1_supurgelik_160.001 0
[UV] yon M1_supurgelik_161.001 0
[UV] yon M1_supurgelik_162.001 0
[UV] yon M1_supurgelik_163.001 0
[UV] yon M1_supurgelik_164.001 0
[UV] yon M1_supurgelik_165.001 0
[UV] yon M1_supurgelik_166.001 0
[UV] yon M1_supurgelik_167.001 0
[UV] yon M1_supurgelik_168.001 0
[UV] yon M1_supurgelik_169.001 0
[UV] yon M1_supurgelik_170.001 0
[UV] yon M1_supurgelik_171.001 0
[UV] yon M1_supurgelik_172.001 0
[UV] yon M1_supurgelik_173.001 0
[UV] yon M1_supurgelik_174.001 0
[UV] yon M1_supurgelik_175.001 0
[UV] yon M1_supurgelik_176.001 0
[UV] yon M1_supurgelik_177.001 0
[UV] yon M1_supurgelik_178.001 0
[UV] yon M1_supurgelik_179.001 0
[UV] yon M1_supurgelik_180.001 0
[UV] yon M1_supurgelik_181.001 0
[UV] yon M1_supurgelik_182.001 0
[UV] yon M1_supurgelik_183.001 0
[UV] yon M1_supurgelik_184.001 0
[UV] yon M1_supurgelik_185.001 0
[UV] yon M1_supurgelik_186.001 0
[UV] yon M1_supurgelik_187.001 0
[UV] yon M1_supurgelik_188.001 0
[UV] yon M1_supurgelik_189.001 0
[UV] yon M1_supurgelik_190.001 0
[UV] yon M1_supurgelik_191.001 0
[UV] yon M1_supurgelik_192.001 0
[UV] yon M1_supurgelik_193.001 0
[UV] yon M1_supurgelik_194.001 0
[UV] yon M1_supurgelik_195.001 0
[UV] yon M1_supurgelik_196.001 0
[UV] yon M1_supurgelik_197.001 0
[UV] yon M1_supurgelik_198.001 0
[UV] yon M1_supurgelik_199.001 0
[UV] yon M1_supurgelik_200.001 0
[UV] yon M1_supurgelik_201.001 0
[UV] yon M1_supurgelik_202.001 0
[UV] yon M1_supurgelik_203.001 0
[UV] yon M1_supurgelik_204.001 0
[UV] yon M1_supurgelik_205.001 0
[UV] yon M1_supurgelik_206.001 0
[UV] yon M1_supurgelik_207.001 0
[UV] yon M1_supurgelik_208.001 0
[UV] yon M1_supurgelik_209.001 0
[UV] yon M1_supurgelik_210.001 0
[UV] yon M1_supurgelik_211.001 0
[UV] yon M1_supurgelik_212.001 0
[UV] yon M1_supurgelik_213.001 0
[UV] yon M1_supurgelik_214.001 0
[UV] yon M1_supurgelik_215.001 0
[UV] yon M1_supurgelik_216.001 0
[UV] yon M1_supurgelik_217.001 0
[UV] yon M1_supurgelik_218.001 0
[UV] yon M1_supurgelik_219.001 0
[UV] yon M1_supurgelik_220.001 0
[UV] yon M1_supurgelik_221.001 0
[UV] yon M1_supurgelik_222.001 0
[UV] yon M1_supurgelik_223.001 0
[UV] yon M1_supurgelik_224.001 0
[UV] yon M1_supurgelik_225.001 0
[UV] yon M1_supurgelik_226.001 0
[UV] yon M1_supurgelik_227.001 0
[UV] yon M1_supurgelik_228.001 0
[UV] yon M1_supurgelik_229.001 0
[UV] yon M1_supurgelik_230.001 0
[UV] yon M1_supurgelik_231.001 0
[UV] yon M1_supurgelik_232.001 0
[UV] yon M1_supurgelik_233.001 0
[UV] yon M1_supurgelik_234.001 0
[UV] yon M1_supurgelik_235.001 0
[UV] yon M1_supurgelik_236.001 0
[UV] yon M1_supurgelik_237.001 0
[UV] yon M1_supurgelik_238.001 0
[UV] yon M1_supurgelik_239.001 0
[UV] yon M1_supurgelik_240.001 0
[UV] yon M1_supurgelik_241.001 0
[UV] yon M1_supurgelik_242.001 0
[UV] yon M1_supurgelik_243.001 0
[UV] yon M1_supurgelik_244.001 0
[UV] yon M1_supurgelik_245.001 0
[UV] yon M1_supurgelik_246.001 0
[UV] yon M1_supurgelik_247.001 0
[UV] yon M1_supurgelik_248.001 0
[UV] yon M1_supurgelik_249.001 0
[UV] yon M1_supurgelik_250.001 0
[UV] yon M1_supurgelik_251.001 0
[UV] yon M1_supurgelik_252.001 0
[UV] yon M1_supurgelik_253.001 0
[UV] yon M1_supurgelik_254.001 0
[UV] yon M1_supurgelik_255.001 0
[UV] yon M1_supurgelik_256.001 0
[UV] yon M1_supurgelik_257.001 0
[UV] yon M1_supurgelik_258.001 0
[UV] yon M1_supurgelik_259.001 0
[UV] yon M1_supurgelik_260.001 0
[UV] yon M1_supurgelik_261.001 0
[UV] yon M1_supurgelik_262.001 0
[UV] yon M1_supurgelik_263.001 0
[UV] yon M1_supurgelik_264.001 0
[UV] yon M1_supurgelik_265.001 0
[UV] yon M1_supurgelik_266.001 0
[UV] yon M1_supurgelik_267.001 0
[UV] yon M1_supurgelik_268.001 0
[UV] yon M1_supurgelik_269.001 0
[UV] yon M1_supurgelik_270.001 0
[UV] yon M1_supurgelik_271.001 0
[UV] yon M1_supurgelik_272.001 0
[UV] yon M1_supurgelik_273.001 0
[UV] yon M1_supurgelik_274.001 0
[UV] yon M1_supurgelik_275.001 0
[UV] yon M1_supurgelik_276.001 0
[UV] yon M1_supurgelik_277.001 0
[UV] yon M1_supurgelik_278.001 0
[UV] yon M1_supurgelik_279.001 0
[UV] yon M1_supurgelik_280.001 0
[UV] yon M1_supurgelik_281.001 0
[UV] yon M1_supurgelik_282.001 0
[UV] yon M1_supurgelik_283.001 0
[UV] yon M1_supurgelik_284.001 0
[UV] yon M1_supurgelik_285.001 0
[UV] yon M1_supurgelik_286.001 0
[UV] yon M1_supurgelik_287.001 0
[UV] yon M1_supurgelik_288.001 0
[UV] yon M1_supurgelik_289.001 0
[UV] yon M1_supurgelik_290.001 0
[UV] yon M1_supurgelik_291.001 0
[UV] yon M1_supurgelik_292.001 0
[UV] yon M1_supurgelik_293.001 0
[UV] yon M1_supurgelik_294.001 0
[UV] yon M2_K0_0_basamak.009 0
[UV] yon M2_K0_0_basamak.010 0
[UV] yon M2_K0_0_basamak.001 0
[UV] yon M2_K0_0_basamak.002 0
[UV] yon M2_K0_0_basamak.003 0
[UV] yon M2_K0_0_basamak.004 0
[UV] yon M2_K0_0_basamak.005 0
[UV] yon M2_K0_0_basamak.006 0
[UV] yon M2_K0_0_basamak.007 0
[UV] yon M2_K0_0_beyaz_altyapi.001 0
[UV] yon M2_K0_0_riht.009 0
[UV] yon M2_K0_0_riht.010 0
[UV] yon M2_K0_0_riht.001 0
[UV] yon M2_K0_0_riht.002 0
[UV] yon M2_K0_0_riht.003 0
[UV] yon M2_K0_0_riht.004 0
[UV] yon M2_K0_0_riht.005 0
[UV] yon M2_K0_0_riht.006 0
[UV] yon M2_K0_0_riht.007 0
[UV] yon M2_K0_1_basamak.009 0
[UV] yon M2_K0_1_basamak.010 0
[UV] yon M2_K0_1_basamak.001 0
[UV] yon M2_K0_1_basamak.002 0
[UV] yon M2_K0_1_basamak.003 0
[UV] yon M2_K0_1_basamak.004 0
[UV] yon M2_K0_1_basamak.005 0
[UV] yon M2_K0_1_basamak.006 0
[UV] yon M2_K0_1_basamak.007 0
[UV] yon M2_K0_1_beyaz_altyapi.001 0
[UV] yon M2_K0_1_riht.009 0
[UV] yon M2_K0_1_riht.010 0
[UV] yon M2_K0_1_riht.001 0
[UV] yon M2_K0_1_riht.002 0
[UV] yon M2_K0_1_riht.003 0
[UV] yon M2_K0_1_riht.004 0
[UV] yon M2_K0_1_riht.005 0
[UV] yon M2_K0_1_riht.006 0
[UV] yon M2_K0_1_riht.007 0
[UV] yon M2_K0_sahanlik.001 0
[UV] yon M2_K0_sahanlik_alti.001 0
[UV] yon M2_K1_0_basamak.010 0
[UV] yon M2_K1_0_basamak.011 0
[UV] yon M2_K1_0_basamak.001 0
[UV] yon M2_K1_0_basamak.002 0
[UV] yon M2_K1_0_basamak.003 0
[UV] yon M2_K1_0_basamak.004 0
[UV] yon M2_K1_0_basamak.005 0
[UV] yon M2_K1_0_basamak.006 0
[UV] yon M2_K1_0_basamak.007 0
[UV] yon M2_K1_0_basamak.008 0
[UV] yon M2_K1_0_beyaz_altyapi.001 0
[UV] yon M2_K1_0_riht.010 0
[UV] yon M2_K1_0_riht.011 0
[UV] yon M2_K1_0_riht.001 0
[UV] yon M2_K1_0_riht.002 0
[UV] yon M2_K1_0_riht.003 0
[UV] yon M2_K1_0_riht.004 0
[UV] yon M2_K1_0_riht.005 0
[UV] yon M2_K1_0_riht.006 0
[UV] yon M2_K1_0_riht.007 0
[UV] yon M2_K1_0_riht.008 0
[UV] yon M2_K1_1_basamak.009 0
[UV] yon M2_K1_1_basamak.010 0
[UV] yon M2_K1_1_basamak.001 0
[UV] yon M2_K1_1_basamak.002 0
[UV] yon M2_K1_1_basamak.003 0
[UV] yon M2_K1_1_basamak.004 0
[UV] yon M2_K1_1_basamak.005 0
[UV] yon M2_K1_1_basamak.006 0
[UV] yon M2_K1_1_basamak.007 0
[UV] yon M2_K1_1_beyaz_altyapi.001 0
[UV] yon M2_K1_1_riht.009 0
[UV] yon M2_K1_1_riht.010 0
[UV] yon M2_K1_1_riht.001 0
[UV] yon M2_K1_1_riht.002 0
[UV] yon M2_K1_1_riht.003 0
[UV] yon M2_K1_1_riht.004 0
[UV] yon M2_K1_1_riht.005 0
[UV] yon M2_K1_1_riht.006 0
[UV] yon M2_K1_1_riht.007 0
[UV] yon M2_K1_sahanlik.001 0
[UV] yon M2_K1_sahanlik_alti.001 0
[UV] yon M2_K2_0_basamak.009 0
[UV] yon M2_K2_0_basamak.010 0
[UV] yon M2_K2_0_basamak.001 0
[UV] yon M2_K2_0_basamak.002 0
[UV] yon M2_K2_0_basamak.003 0
[UV] yon M2_K2_0_basamak.004 0
[UV] yon M2_K2_0_basamak.005 0
[UV] yon M2_K2_0_basamak.006 0
[UV] yon M2_K2_0_basamak.007 0
[UV] yon M2_K2_0_beyaz_altyapi.001 0
[UV] yon M2_K2_0_riht.009 0
[UV] yon M2_K2_0_riht.010 0
[UV] yon M2_K2_0_riht.001 0
[UV] yon M2_K2_0_riht.002 0
[UV] yon M2_K2_0_riht.003 0
[UV] yon M2_K2_0_riht.004 0
[UV] yon M2_K2_0_riht.005 0
[UV] yon M2_K2_0_riht.006 0
[UV] yon M2_K2_0_riht.007 0
[UV] yon M2_K2_1_basamak.009 0
[UV] yon M2_K2_1_basamak.010 0
[UV] yon M2_K2_1_basamak.001 0
[UV] yon M2_K2_1_basamak.002 0
[UV] yon M2_K2_1_basamak.003 0
[UV] yon M2_K2_1_basamak.004 0
[UV] yon M2_K2_1_basamak.005 0
[UV] yon M2_K2_1_basamak.006 0
[UV] yon M2_K2_1_basamak.007 0
[UV] yon M2_K2_1_beyaz_altyapi.001 0
[UV] yon M2_K2_1_riht.009 0
[UV] yon M2_K2_1_riht.010 0
[UV] yon M2_K2_1_riht.001 0
[UV] yon M2_K2_1_riht.002 0
[UV] yon M2_K2_1_riht.003 0
[UV] yon M2_K2_1_riht.004 0
[UV] yon M2_K2_1_riht.005 0
[UV] yon M2_K2_1_riht.006 0
[UV] yon M2_K2_1_riht.007 0
[UV] yon M2_K2_sahanlik.001 0
[UV] yon M2_K2_sahanlik_alti.001 0
[UV] yon M3_01_dik_profil.012 0
[UV] yon M3_01_dik_profil.013 0
[UV] yon M3_01_dik_profil.001 0
[UV] yon M3_01_dik_profil.002 0
[UV] yon M3_01_dik_profil.003 0
[UV] yon M3_01_dik_profil.004 0
[UV] yon M3_01_dik_profil.005 0
[UV] yon M3_01_dik_profil.006 0
[UV] yon M3_01_dik_profil.007 0
[UV] yon M3_01_dik_profil.008 0
[UV] yon M3_01_dik_profil.009 0
[UV] yon M3_01_dik_profil.010 0
[UV] yon M3_01_esik_doseme.001 0
[UV] yon M3_01_gobek.006 1
[UV] yon M3_01_gobek.007 2
[UV] yon M3_01_gobek.001 0
[UV] yon M3_01_gobek.002 0
[UV] yon M3_01_gobek.003 0
[UV] yon M3_01_gobek.004 0
[UV] yon M3_01_kanat.001 0
[UV] yon M3_01_kasa.002 0
[UV] yon M3_01_kasa.003 0
[UV] yon M3_01_pervaz.004 0
[UV] yon M3_01_pervaz.005 0
[UV] yon M3_01_pervaz.001 0
[UV] yon M3_01_pervaz.002 0
[UV] yon M3_01_ust_kasa.001 0
[UV] yon M3_01_ust_pervaz.002 0
[UV] yon M3_01_ust_pervaz.003 0
[UV] yon M3_01_yatay_profil.012 0
[UV] yon M3_01_yatay_profil.013 0
[UV] yon M3_01_yatay_profil.001 0
[UV] yon M3_01_yatay_profil.002 0
[UV] yon M3_01_yatay_profil.003 0
[UV] yon M3_01_yatay_profil.004 0
[UV] yon M3_01_yatay_profil.005 0
[UV] yon M3_01_yatay_profil.006 0
[UV] yon M3_01_yatay_profil.007 0
[UV] yon M3_01_yatay_profil.008 0
[UV] yon M3_01_yatay_profil.009 0
[UV] yon M3_01_yatay_profil.010 0
[UV] yon M3_02_dik_profil.024 0
[UV] yon M3_02_dik_profil.025 0
[UV] yon M3_02_dik_profil.001 0
[UV] yon M3_02_dik_profil.002 0
[UV] yon M3_02_dik_profil.003 0
[UV] yon M3_02_dik_profil.004 0
[UV] yon M3_02_dik_profil.005 0
[UV] yon M3_02_dik_profil.006 0
[UV] yon M3_02_dik_profil.007 0
[UV] yon M3_02_dik_profil.008 0
[UV] yon M3_02_dik_profil.009 0
[UV] yon M3_02_dik_profil.010 0
[UV] yon M3_02_dik_profil.011 0
[UV] yon M3_02_dik_profil.012 0
[UV] yon M3_02_dik_profil.013 0
[UV] yon M3_02_dik_profil.014 0
[UV] yon M3_02_dik_profil.015 0
[UV] yon M3_02_dik_profil.016 0
[UV] yon M3_02_dik_profil.017 0
[UV] yon M3_02_dik_profil.018 0
[UV] yon M3_02_dik_profil.019 0
[UV] yon M3_02_dik_profil.020 0
[UV] yon M3_02_dik_profil.021 0
[UV] yon M3_02_dik_profil.022 0
[UV] yon M3_02_esik_doseme.001 0
[UV] yon M3_02_gobek.012 0
[UV] yon M3_02_gobek.013 0
[UV] yon M3_02_gobek.001 0
[UV] yon M3_02_gobek.002 6
[UV] yon M3_02_gobek.003 8
[UV] yon M3_02_gobek.004 8
[UV] yon M3_02_gobek.005 0
[UV] yon M3_02_gobek.006 0
[UV] yon M3_02_gobek.007 0
[UV] yon M3_02_gobek.008 0
[UV] yon M3_02_gobek.009 0
[UV] yon M3_02_gobek.010 0
[UV] yon M3_02_kanat.001 0
[UV] yon M3_02_kasa.002 0
[UV] yon M3_02_kasa.003 0
[UV] yon M3_02_pervaz.004 0
[UV] yon M3_02_pervaz.005 0
[UV] yon M3_02_pervaz.001 0
[UV] yon M3_02_pervaz.002 0
[UV] yon M3_02_ust_kasa.001 0
[UV] yon M3_02_ust_pervaz.002 0
[UV] yon M3_02_ust_pervaz.003 0
[UV] yon M3_02_yatay_profil.024 0
[UV] yon M3_02_yatay_profil.025 0
[UV] yon M3_02_yatay_profil.001 0
[UV] yon M3_02_yatay_profil.002 0
[UV] yon M3_02_yatay_profil.003 0
[UV] yon M3_02_yatay_profil.004 0
[UV] yon M3_02_yatay_profil.005 0
[UV] yon M3_02_yatay_profil.006 0
[UV] yon M3_02_yatay_profil.007 0
[UV] yon M3_02_yatay_profil.008 0
[UV] yon M3_02_yatay_profil.009 0
[UV] yon M3_02_yatay_profil.010 0
[UV] yon M3_02_yatay_profil.011 0
[UV] yon M3_02_yatay_profil.012 0
[UV] yon M3_02_yatay_profil.013 0
[UV] yon M3_02_yatay_profil.014 0
[UV] yon M3_02_yatay_profil.015 0
[UV] yon M3_02_yatay_profil.016 0
[UV] yon M3_02_yatay_profil.017 0
[UV] yon M3_02_yatay_profil.018 0
[UV] yon M3_02_yatay_profil.019 0
[UV] yon M3_02_yatay_profil.020 0
[UV] yon M3_02_yatay_profil.021 0
[UV] yon M3_02_yatay_profil.022 0
[UV] yon M3_03_dik_profil.024 0
[UV] yon M3_03_dik_profil.025 0
[UV] yon M3_03_dik_profil.001 0
[UV] yon M3_03_dik_profil.002 0
[UV] yon M3_03_dik_profil.003 0
[UV] yon M3_03_dik_profil.004 0
[UV] yon M3_03_dik_profil.005 0
[UV] yon M3_03_dik_profil.006 0
[UV] yon M3_03_dik_profil.007 0
[UV] yon M3_03_dik_profil.008 0
[UV] yon M3_03_dik_profil.009 0
[UV] yon M3_03_dik_profil.010 0
[UV] yon M3_03_dik_profil.011 0
[UV] yon M3_03_dik_profil.012 0
[UV] yon M3_03_dik_profil.013 0
[UV] yon M3_03_dik_profil.014 0
[UV] yon M3_03_dik_profil.015 0
[UV] yon M3_03_dik_profil.016 0
[UV] yon M3_03_dik_profil.017 0
[UV] yon M3_03_dik_profil.018 0
[UV] yon M3_03_dik_profil.019 0
[UV] yon M3_03_dik_profil.020 0
[UV] yon M3_03_dik_profil.021 0
[UV] yon M3_03_dik_profil.022 0
[UV] yon M3_03_esik_doseme.001 0
[UV] yon M3_03_gobek.012 3
[UV] yon M3_03_gobek.013 4
[UV] yon M3_03_gobek.001 4
[UV] yon M3_03_gobek.002 6
[UV] yon M3_03_gobek.003 8
[UV] yon M3_03_gobek.004 8
[UV] yon M3_03_gobek.005 0
[UV] yon M3_03_gobek.006 0
[UV] yon M3_03_gobek.007 0
[UV] yon M3_03_gobek.008 0
[UV] yon M3_03_gobek.009 0
[UV] yon M3_03_gobek.010 0
[UV] yon M3_03_kanat.001 0
[UV] yon M3_03_kasa.002 0
[UV] yon M3_03_kasa.003 0
[UV] yon M3_03_pervaz.004 0
[UV] yon M3_03_pervaz.005 0
[UV] yon M3_03_pervaz.001 0
[UV] yon M3_03_pervaz.002 0
[UV] yon M3_03_ust_kasa.001 0
[UV] yon M3_03_ust_pervaz.002 0
[UV] yon M3_03_ust_pervaz.003 0
[UV] yon M3_03_yatay_profil.024 0
[UV] yon M3_03_yatay_profil.025 0
[UV] yon M3_03_yatay_profil.001 0
[UV] yon M3_03_yatay_profil.002 0
[UV] yon M3_03_yatay_profil.003 0
[UV] yon M3_03_yatay_profil.004 0
[UV] yon M3_03_yatay_profil.005 0
[UV] yon M3_03_yatay_profil.006 0
[UV] yon M3_03_yatay_profil.007 0
[UV] yon M3_03_yatay_profil.008 0
[UV] yon M3_03_yatay_profil.009 0
[UV] yon M3_03_yatay_profil.010 0
[UV] yon M3_03_yatay_profil.011 0
[UV] yon M3_03_yatay_profil.012 0
[UV] yon M3_03_yatay_profil.013 0
[UV] yon M3_03_yatay_profil.014 0
[UV] yon M3_03_yatay_profil.015 0
[UV] yon M3_03_yatay_profil.016 0
[UV] yon M3_03_yatay_profil.017 0
[UV] yon M3_03_yatay_profil.018 0
[UV] yon M3_03_yatay_profil.019 0
[UV] yon M3_03_yatay_profil.020 0
[UV] yon M3_03_yatay_profil.021 0
[UV] yon M3_03_yatay_profil.022 0
[UV] yon M3_04_dik_profil.024 0
[UV] yon M3_04_dik_profil.025 0
[UV] yon M3_04_dik_profil.001 0
[UV] yon M3_04_dik_profil.002 0
[UV] yon M3_04_dik_profil.003 0
[UV] yon M3_04_dik_profil.004 0
[UV] yon M3_04_dik_profil.005 0
[UV] yon M3_04_dik_profil.006 0
[UV] yon M3_04_dik_profil.007 0
[UV] yon M3_04_dik_profil.008 0
[UV] yon M3_04_dik_profil.009 0
[UV] yon M3_04_dik_profil.010 0
[UV] yon M3_04_dik_profil.011 0
[UV] yon M3_04_dik_profil.012 0
[UV] yon M3_04_dik_profil.013 0
[UV] yon M3_04_dik_profil.014 0
[UV] yon M3_04_dik_profil.015 0
[UV] yon M3_04_dik_profil.016 0
[UV] yon M3_04_dik_profil.017 0
[UV] yon M3_04_dik_profil.018 0
[UV] yon M3_04_dik_profil.019 0
[UV] yon M3_04_dik_profil.020 0
[UV] yon M3_04_dik_profil.021 0
[UV] yon M3_04_dik_profil.022 0
[UV] yon M3_04_esik_doseme.001 0
[UV] yon M3_04_gobek.012 5
[UV] yon M3_04_gobek.013 6
[UV] yon M3_04_gobek.001 6
[UV] yon M3_04_gobek.002 0
[UV] yon M3_04_gobek.003 0
[UV] yon M3_04_gobek.004 0
[UV] yon M3_04_gobek.005 0
[UV] yon M3_04_gobek.006 0
[UV] yon M3_04_gobek.007 0
[UV] yon M3_04_gobek.008 0
[UV] yon M3_04_gobek.009 0
[UV] yon M3_04_gobek.010 0
[UV] yon M3_04_kanat.001 0
[UV] yon M3_04_kasa.002 0
[UV] yon M3_04_kasa.003 0
[UV] yon M3_04_pervaz.004 0
[UV] yon M3_04_pervaz.005 0
[UV] yon M3_04_pervaz.001 0
[UV] yon M3_04_pervaz.002 0
[UV] yon M3_04_ust_kasa.001 0
[UV] yon M3_04_ust_pervaz.002 0
[UV] yon M3_04_ust_pervaz.003 0
[UV] yon M3_04_yatay_profil.024 0
[UV] yon M3_04_yatay_profil.025 0
[UV] yon M3_04_yatay_profil.001 0
[UV] yon M3_04_yatay_profil.002 0
[UV] yon M3_04_yatay_profil.003 0
[UV] yon M3_04_yatay_profil.004 0
[UV] yon M3_04_yatay_profil.005 0
[UV] yon M3_04_yatay_profil.006 0
[UV] yon M3_04_yatay_profil.007 0
[UV] yon M3_04_yatay_profil.008 0
[UV] yon M3_04_yatay_profil.009 0
[UV] yon M3_04_yatay_profil.010 0
[UV] yon M3_04_yatay_profil.011 0
[UV] yon M3_04_yatay_profil.012 0
[UV] yon M3_04_yatay_profil.013 0
[UV] yon M3_04_yatay_profil.014 0
[UV] yon M3_04_yatay_profil.015 0
[UV] yon M3_04_yatay_profil.016 0
[UV] yon M3_04_yatay_profil.017 0
[UV] yon M3_04_yatay_profil.018 0
[UV] yon M3_04_yatay_profil.019 0
[UV] yon M3_04_yatay_profil.020 0
[UV] yon M3_04_yatay_profil.021 0
[UV] yon M3_04_yatay_profil.022 0
[UV] yon M3_05_dik_profil.024 0
[UV] yon M3_05_dik_profil.025 0
[UV] yon M3_05_dik_profil.001 0
[UV] yon M3_05_dik_profil.002 0
[UV] yon M3_05_dik_profil.003 0
[UV] yon M3_05_dik_profil.004 0
[UV] yon M3_05_dik_profil.005 0
[UV] yon M3_05_dik_profil.006 0
[UV] yon M3_05_dik_profil.007 0
[UV] yon M3_05_dik_profil.008 0
[UV] yon M3_05_dik_profil.009 0
[UV] yon M3_05_dik_profil.010 0
[UV] yon M3_05_dik_profil.011 0
[UV] yon M3_05_dik_profil.012 0
[UV] yon M3_05_dik_profil.013 0
[UV] yon M3_05_dik_profil.014 0
[UV] yon M3_05_dik_profil.015 0
[UV] yon M3_05_dik_profil.016 0
[UV] yon M3_05_dik_profil.017 0
[UV] yon M3_05_dik_profil.018 0
[UV] yon M3_05_dik_profil.019 0
[UV] yon M3_05_dik_profil.020 0
[UV] yon M3_05_dik_profil.021 0
[UV] yon M3_05_dik_profil.022 0
[UV] yon M3_05_esik_doseme.001 0
[UV] yon M3_05_gobek.012 0
[UV] yon M3_05_gobek.013 0
[UV] yon M3_05_gobek.001 0
[UV] yon M3_05_gobek.002 6
[UV] yon M3_05_gobek.003 7
[UV] yon M3_05_gobek.004 8
[UV] yon M3_05_gobek.005 0
[UV] yon M3_05_gobek.006 0
[UV] yon M3_05_gobek.007 0
[UV] yon M3_05_gobek.008 0
[UV] yon M3_05_gobek.009 0
[UV] yon M3_05_gobek.010 0
[UV] yon M3_05_kanat.001 0
[UV] yon M3_05_kasa.002 0
[UV] yon M3_05_kasa.003 0
[UV] yon M3_05_kulp.002 0
[UV] yon M3_05_kulp.003 0
[UV] yon M3_05_pervaz.004 0
[UV] yon M3_05_pervaz.005 0
[UV] yon M3_05_pervaz.001 0
[UV] yon M3_05_pervaz.002 0
[UV] yon M3_05_ust_kasa.001 0
[UV] yon M3_05_ust_pervaz.002 0
[UV] yon M3_05_ust_pervaz.003 0
[UV] yon M3_05_yatay_profil.024 0
[UV] yon M3_05_yatay_profil.025 0
[UV] yon M3_05_yatay_profil.001 0
[UV] yon M3_05_yatay_profil.002 0
[UV] yon M3_05_yatay_profil.003 0
[UV] yon M3_05_yatay_profil.004 0
[UV] yon M3_05_yatay_profil.005 0
[UV] yon M3_05_yatay_profil.006 0
[UV] yon M3_05_yatay_profil.007 0
[UV] yon M3_05_yatay_profil.008 0
[UV] yon M3_05_yatay_profil.009 0
[UV] yon M3_05_yatay_profil.010 0
[UV] yon M3_05_yatay_profil.011 0
[UV] yon M3_05_yatay_profil.012 0
[UV] yon M3_05_yatay_profil.013 0
[UV] yon M3_05_yatay_profil.014 0
[UV] yon M3_05_yatay_profil.015 0
[UV] yon M3_05_yatay_profil.016 0
[UV] yon M3_05_yatay_profil.017 0
[UV] yon M3_05_yatay_profil.018 0
[UV] yon M3_05_yatay_profil.019 0
[UV] yon M3_05_yatay_profil.020 0
[UV] yon M3_05_yatay_profil.021 0
[UV] yon M3_05_yatay_profil.022 0
[UV] yon M3_06_dik_profil.024 0
[UV] yon M3_06_dik_profil.025 0
[UV] yon M3_06_dik_profil.001 0
[UV] yon M3_06_dik_profil.002 0
[UV] yon M3_06_dik_profil.003 0
[UV] yon M3_06_dik_profil.004 0
[UV] yon M3_06_dik_profil.005 0
[UV] yon M3_06_dik_profil.006 0
[UV] yon M3_06_dik_profil.007 0
[UV] yon M3_06_dik_profil.008 0
[UV] yon M3_06_dik_profil.009 0
[UV] yon M3_06_dik_profil.010 0
[UV] yon M3_06_dik_profil.011 0
[UV] yon M3_06_dik_profil.012 0
[UV] yon M3_06_dik_profil.013 0
[UV] yon M3_06_dik_profil.014 0
[UV] yon M3_06_dik_profil.015 0
[UV] yon M3_06_dik_profil.016 0
[UV] yon M3_06_dik_profil.017 0
[UV] yon M3_06_dik_profil.018 0
[UV] yon M3_06_dik_profil.019 0
[UV] yon M3_06_dik_profil.020 0
[UV] yon M3_06_dik_profil.021 0
[UV] yon M3_06_dik_profil.022 0
[UV] yon M3_06_esik_doseme.001 0
[UV] yon M3_06_gobek.012 2
[UV] yon M3_06_gobek.013 2
[UV] yon M3_06_gobek.001 2
[UV] yon M3_06_gobek.002 6
[UV] yon M3_06_gobek.003 8
[UV] yon M3_06_gobek.004 8
[UV] yon M3_06_gobek.005 0
[UV] yon M3_06_gobek.006 0
[UV] yon M3_06_gobek.007 0
[UV] yon M3_06_gobek.008 0
[UV] yon M3_06_gobek.009 0
[UV] yon M3_06_gobek.010 0
[UV] yon M3_06_kanat.001 0
[UV] yon M3_06_kasa.002 0
[UV] yon M3_06_kasa.003 0
[UV] yon M3_06_pervaz.004 0
[UV] yon M3_06_pervaz.005 0
[UV] yon M3_06_pervaz.001 0
[UV] yon M3_06_pervaz.002 0
[UV] yon M3_06_ust_kasa.001 0
[UV] yon M3_06_ust_pervaz.002 0
[UV] yon M3_06_ust_pervaz.003 0
[UV] yon M3_06_yatay_profil.024 0
[UV] yon M3_06_yatay_profil.025 0
[UV] yon M3_06_yatay_profil.001 0
[UV] yon M3_06_yatay_profil.002 0
[UV] yon M3_06_yatay_profil.003 0
[UV] yon M3_06_yatay_profil.004 0
[UV] yon M3_06_yatay_profil.005 0
[UV] yon M3_06_yatay_profil.006 0
[UV] yon M3_06_yatay_profil.007 0
[UV] yon M3_06_yatay_profil.008 0
[UV] yon M3_06_yatay_profil.009 0
[UV] yon M3_06_yatay_profil.010 0
[UV] yon M3_06_yatay_profil.011 0
[UV] yon M3_06_yatay_profil.012 0
[UV] yon M3_06_yatay_profil.013 0
[UV] yon M3_06_yatay_profil.014 0
[UV] yon M3_06_yatay_profil.015 0
[UV] yon M3_06_yatay_profil.016 0
[UV] yon M3_06_yatay_profil.017 0
[UV] yon M3_06_yatay_profil.018 0
[UV] yon M3_06_yatay_profil.019 0
[UV] yon M3_06_yatay_profil.020 0
[UV] yon M3_06_yatay_profil.021 0
[UV] yon M3_06_yatay_profil.022 0
[UV] yon M3_07_dik_profil.024 0
[UV] yon M3_07_dik_profil.025 0
[UV] yon M3_07_dik_profil.001 0
[UV] yon M3_07_dik_profil.002 0
[UV] yon M3_07_dik_profil.003 0
[UV] yon M3_07_dik_profil.004 0
[UV] yon M3_07_dik_profil.005 0
[UV] yon M3_07_dik_profil.006 0
[UV] yon M3_07_dik_profil.007 0
[UV] yon M3_07_dik_profil.008 0
[UV] yon M3_07_dik_profil.009 0
[UV] yon M3_07_dik_profil.010 0
[UV] yon M3_07_dik_profil.011 0
[UV] yon M3_07_dik_profil.012 0
[UV] yon M3_07_dik_profil.013 0
[UV] yon M3_07_dik_profil.014 0
[UV] yon M3_07_dik_profil.015 0
[UV] yon M3_07_dik_profil.016 0
[UV] yon M3_07_dik_profil.017 0
[UV] yon M3_07_dik_profil.018 0
[UV] yon M3_07_dik_profil.019 0
[UV] yon M3_07_dik_profil.020 0
[UV] yon M3_07_dik_profil.021 0
[UV] yon M3_07_dik_profil.022 0
[UV] yon M3_07_esik_doseme.001 0
[UV] yon M3_07_gobek.012 0
[UV] yon M3_07_gobek.013 0
[UV] yon M3_07_gobek.001 0
[UV] yon M3_07_gobek.002 0
[UV] yon M3_07_gobek.003 0
[UV] yon M3_07_gobek.004 0
[UV] yon M3_07_gobek.005 0
[UV] yon M3_07_gobek.006 0
[UV] yon M3_07_gobek.007 0
[UV] yon M3_07_gobek.008 0
[UV] yon M3_07_gobek.009 0
[UV] yon M3_07_gobek.010 0
[UV] yon M3_07_kanat.001 0
[UV] yon M3_07_kasa.002 0
[UV] yon M3_07_kasa.003 0
[UV] yon M3_07_pervaz.004 0
[UV] yon M3_07_pervaz.005 0
[UV] yon M3_07_pervaz.001 0
[UV] yon M3_07_pervaz.002 0
[UV] yon M3_07_ust_kasa.001 0
[UV] yon M3_07_ust_pervaz.002 0
[UV] yon M3_07_ust_pervaz.003 0
[UV] yon M3_07_yatay_profil.024 0
[UV] yon M3_07_yatay_profil.025 0
[UV] yon M3_07_yatay_profil.001 0
[UV] yon M3_07_yatay_profil.002 0
[UV] yon M3_07_yatay_profil.003 0
[UV] yon M3_07_yatay_profil.004 0
[UV] yon M3_07_yatay_profil.005 0
[UV] yon M3_07_yatay_profil.006 0
[UV] yon M3_07_yatay_profil.007 0
[UV] yon M3_07_yatay_profil.008 0
[UV] yon M3_07_yatay_profil.009 0
[UV] yon M3_07_yatay_profil.010 0
[UV] yon M3_07_yatay_profil.011 0
[UV] yon M3_07_yatay_profil.012 0
[UV] yon M3_07_yatay_profil.013 0
[UV] yon M3_07_yatay_profil.014 0
[UV] yon M3_07_yatay_profil.015 0
[UV] yon M3_07_yatay_profil.016 0
[UV] yon M3_07_yatay_profil.017 0
[UV] yon M3_07_yatay_profil.018 0
[UV] yon M3_07_yatay_profil.019 0
[UV] yon M3_07_yatay_profil.020 0
[UV] yon M3_07_yatay_profil.021 0
[UV] yon M3_07_yatay_profil.022 0
[UV] yon M3_08_dik_profil.024 0
[UV] yon M3_08_dik_profil.025 0
[UV] yon M3_08_dik_profil.001 0
[UV] yon M3_08_dik_profil.002 0
[UV] yon M3_08_dik_profil.003 0
[UV] yon M3_08_dik_profil.004 0
[UV] yon M3_08_dik_profil.005 0
[UV] yon M3_08_dik_profil.006 0
[UV] yon M3_08_dik_profil.007 0
[UV] yon M3_08_dik_profil.008 0
[UV] yon M3_08_dik_profil.009 0
[UV] yon M3_08_dik_profil.010 0
[UV] yon M3_08_dik_profil.011 0
[UV] yon M3_08_dik_profil.012 0
[UV] yon M3_08_dik_profil.013 0
[UV] yon M3_08_dik_profil.014 0
[UV] yon M3_08_dik_profil.015 0
[UV] yon M3_08_dik_profil.016 0
[UV] yon M3_08_dik_profil.017 0
[UV] yon M3_08_dik_profil.018 0
[UV] yon M3_08_dik_profil.019 0
[UV] yon M3_08_dik_profil.020 0
[UV] yon M3_08_dik_profil.021 0
[UV] yon M3_08_dik_profil.022 0
[UV] yon M3_08_esik_doseme.001 0
[UV] yon M3_08_gobek.012 0
[UV] yon M3_08_gobek.013 0
[UV] yon M3_08_gobek.001 0
[UV] yon M3_08_gobek.002 0
[UV] yon M3_08_gobek.003 0
[UV] yon M3_08_gobek.004 0
[UV] yon M3_08_gobek.005 0
[UV] yon M3_08_gobek.006 0
[UV] yon M3_08_gobek.007 0
[UV] yon M3_08_gobek.008 0
[UV] yon M3_08_gobek.009 0
[UV] yon M3_08_gobek.010 0
[UV] yon M3_08_kanat.001 0
[UV] yon M3_08_kasa.002 0
[UV] yon M3_08_kasa.003 0
[UV] yon M3_08_pervaz.004 0
[UV] yon M3_08_pervaz.005 0
[UV] yon M3_08_pervaz.001 0
[UV] yon M3_08_pervaz.002 0
[UV] yon M3_08_ust_kasa.001 0
[UV] yon M3_08_ust_pervaz.002 0
[UV] yon M3_08_ust_pervaz.003 0
[UV] yon M3_08_yatay_profil.024 0
[UV] yon M3_08_yatay_profil.025 0
[UV] yon M3_08_yatay_profil.001 0
[UV] yon M3_08_yatay_profil.002 0
[UV] yon M3_08_yatay_profil.003 0
[UV] yon M3_08_yatay_profil.004 0
[UV] yon M3_08_yatay_profil.005 0
[UV] yon M3_08_yatay_profil.006 0
[UV] yon M3_08_yatay_profil.007 0
[UV] yon M3_08_yatay_profil.008 0
[UV] yon M3_08_yatay_profil.009 0
[UV] yon M3_08_yatay_profil.010 0
[UV] yon M3_08_yatay_profil.011 0
[UV] yon M3_08_yatay_profil.012 0
[UV] yon M3_08_yatay_profil.013 0
[UV] yon M3_08_yatay_profil.014 0
[UV] yon M3_08_yatay_profil.015 0
[UV] yon M3_08_yatay_profil.016 0
[UV] yon M3_08_yatay_profil.017 0
[UV] yon M3_08_yatay_profil.018 0
[UV] yon M3_08_yatay_profil.019 0
[UV] yon M3_08_yatay_profil.020 0
[UV] yon M3_08_yatay_profil.021 0
[UV] yon M3_08_yatay_profil.022 0
[UV] yon M3_09_dik_profil.024 0
[UV] yon M3_09_dik_profil.025 0
[UV] yon M3_09_dik_profil.001 0
[UV] yon M3_09_dik_profil.002 0
[UV] yon M3_09_dik_profil.003 0
[UV] yon M3_09_dik_profil.004 0
[UV] yon M3_09_dik_profil.005 0
[UV] yon M3_09_dik_profil.006 0
[UV] yon M3_09_dik_profil.007 0
[UV] yon M3_09_dik_profil.008 0
[UV] yon M3_09_dik_profil.009 0
[UV] yon M3_09_dik_profil.010 0
[UV] yon M3_09_dik_profil.011 0
[UV] yon M3_09_dik_profil.012 0
[UV] yon M3_09_dik_profil.013 0
[UV] yon M3_09_dik_profil.014 0
[UV] yon M3_09_dik_profil.015 0
[UV] yon M3_09_dik_profil.016 0
[UV] yon M3_09_dik_profil.017 0
[UV] yon M3_09_dik_profil.018 0
[UV] yon M3_09_dik_profil.019 0
[UV] yon M3_09_dik_profil.020 0
[UV] yon M3_09_dik_profil.021 0
[UV] yon M3_09_dik_profil.022 0
[UV] yon M3_09_esik_doseme.001 0
[UV] yon M3_09_gobek.012 0
[UV] yon M3_09_gobek.013 0
[UV] yon M3_09_gobek.001 0
[UV] yon M3_09_gobek.002 0
[UV] yon M3_09_gobek.003 0
[UV] yon M3_09_gobek.004 0
[UV] yon M3_09_gobek.005 0
[UV] yon M3_09_gobek.006 0
[UV] yon M3_09_gobek.007 0
[UV] yon M3_09_gobek.008 0
[UV] yon M3_09_gobek.009 0
[UV] yon M3_09_gobek.010 0
[UV] yon M3_09_kanat.001 0
[UV] yon M3_09_kasa.002 0
[UV] yon M3_09_kasa.003 0
[UV] yon M3_09_pervaz.004 0
[UV] yon M3_09_pervaz.005 0
[UV] yon M3_09_pervaz.001 0
[UV] yon M3_09_pervaz.002 0
[UV] yon M3_09_ust_kasa.001 0
[UV] yon M3_09_ust_pervaz.002 0
[UV] yon M3_09_ust_pervaz.003 0
[UV] yon M3_09_yatay_profil.024 0
[UV] yon M3_09_yatay_profil.025 0
[UV] yon M3_09_yatay_profil.001 0
[UV] yon M3_09_yatay_profil.002 0
[UV] yon M3_09_yatay_profil.003 0
[UV] yon M3_09_yatay_profil.004 0
[UV] yon M3_09_yatay_profil.005 0
[UV] yon M3_09_yatay_profil.006 0
[UV] yon M3_09_yatay_profil.007 0
[UV] yon M3_09_yatay_profil.008 0
[UV] yon M3_09_yatay_profil.009 0
[UV] yon M3_09_yatay_profil.010 0
[UV] yon M3_09_yatay_profil.011 0
[UV] yon M3_09_yatay_profil.012 0
[UV] yon M3_09_yatay_profil.013 0
[UV] yon M3_09_yatay_profil.014 0
[UV] yon M3_09_yatay_profil.015 0
[UV] yon M3_09_yatay_profil.016 0
[UV] yon M3_09_yatay_profil.017 0
[UV] yon M3_09_yatay_profil.018 0
[UV] yon M3_09_yatay_profil.019 0
[UV] yon M3_09_yatay_profil.020 0
[UV] yon M3_09_yatay_profil.021 0
[UV] yon M3_09_yatay_profil.022 0
[UV] yon M3_10_dik_profil.024 0
[UV] yon M3_10_dik_profil.025 0
[UV] yon M3_10_dik_profil.001 0
[UV] yon M3_10_dik_profil.002 0
[UV] yon M3_10_dik_profil.003 0
[UV] yon M3_10_dik_profil.004 0
[UV] yon M3_10_dik_profil.005 0
[UV] yon M3_10_dik_profil.006 0
[UV] yon M3_10_dik_profil.007 0
[UV] yon M3_10_dik_profil.008 0
[UV] yon M3_10_dik_profil.009 0
[UV] yon M3_10_dik_profil.010 0
[UV] yon M3_10_dik_profil.011 0
[UV] yon M3_10_dik_profil.012 0
[UV] yon M3_10_dik_profil.013 0
[UV] yon M3_10_dik_profil.014 0
[UV] yon M3_10_dik_profil.015 0
[UV] yon M3_10_dik_profil.016 0
[UV] yon M3_10_dik_profil.017 0
[UV] yon M3_10_dik_profil.018 0
[UV] yon M3_10_dik_profil.019 0
[UV] yon M3_10_dik_profil.020 0
[UV] yon M3_10_dik_profil.021 0
[UV] yon M3_10_dik_profil.022 0
[UV] yon M3_10_doseme_boslugu.001 0
[UV] yon M3_10_esik_doseme.001 0
[UV] yon M3_10_gobek.012 0
[UV] yon M3_10_gobek.013 0
[UV] yon M3_10_gobek.001 0
[UV] yon M3_10_gobek.002 0
[UV] yon M3_10_gobek.003 0
[UV] yon M3_10_gobek.004 0
[UV] yon M3_10_gobek.005 0
[UV] yon M3_10_gobek.006 0
[UV] yon M3_10_gobek.007 0
[UV] yon M3_10_gobek.008 0
[UV] yon M3_10_gobek.009 0
[UV] yon M3_10_gobek.010 0
[UV] yon M3_10_kanat.001 0
[UV] yon M3_10_kasa.002 0
[UV] yon M3_10_kasa.003 0
[UV] yon M3_10_pervaz.004 0
[UV] yon M3_10_pervaz.005 0
[UV] yon M3_10_pervaz.001 0
[UV] yon M3_10_pervaz.002 0
[UV] yon M3_10_ust_kasa.001 0
[UV] yon M3_10_ust_pervaz.002 0
[UV] yon M3_10_ust_pervaz.003 0
[UV] yon M3_10_yatay_profil.024 0
[UV] yon M3_10_yatay_profil.025 0
[UV] yon M3_10_yatay_profil.001 0
[UV] yon M3_10_yatay_profil.002 0
[UV] yon M3_10_yatay_profil.003 0
[UV] yon M3_10_yatay_profil.004 0
[UV] yon M3_10_yatay_profil.005 0
[UV] yon M3_10_yatay_profil.006 0
[UV] yon M3_10_yatay_profil.007 0
[UV] yon M3_10_yatay_profil.008 0
[UV] yon M3_10_yatay_profil.009 0
[UV] yon M3_10_yatay_profil.010 0
[UV] yon M3_10_yatay_profil.011 0
[UV] yon M3_10_yatay_profil.012 0
[UV] yon M3_10_yatay_profil.013 0
[UV] yon M3_10_yatay_profil.014 0
[UV] yon M3_10_yatay_profil.015 0
[UV] yon M3_10_yatay_profil.016 0
[UV] yon M3_10_yatay_profil.017 0
[UV] yon M3_10_yatay_profil.018 0
[UV] yon M3_10_yatay_profil.019 0
[UV] yon M3_10_yatay_profil.020 0
[UV] yon M3_10_yatay_profil.021 0
[UV] yon M3_10_yatay_profil.022 0
[UV] yon M3_11_esik_doseme.001 0
[UV] yon M3_11_kanat.001 0
[UV] yon M3_11_kasa.002 0
[UV] yon M3_11_kasa.003 0
[UV] yon M3_11_kulp.002 0
[UV] yon M3_11_kulp.003 0
[UV] yon M3_11_pervaz.004 0
[UV] yon M3_11_pervaz.005 0
[UV] yon M3_11_pervaz.001 0
[UV] yon M3_11_pervaz.002 0
[UV] yon M3_11_ust_kasa.001 0
[UV] yon M3_11_ust_pervaz.002 0
[UV] yon M3_11_ust_pervaz.003 0
[UV] yon M3_12_dik_profil.024 0
[UV] yon M3_12_dik_profil.025 0
[UV] yon M3_12_dik_profil.001 0
[UV] yon M3_12_dik_profil.002 0
[UV] yon M3_12_dik_profil.003 0
[UV] yon M3_12_dik_profil.004 0
[UV] yon M3_12_dik_profil.005 0
[UV] yon M3_12_dik_profil.006 0
[UV] yon M3_12_dik_profil.007 0
[UV] yon M3_12_dik_profil.008 0
[UV] yon M3_12_dik_profil.009 0
[UV] yon M3_12_dik_profil.010 0
[UV] yon M3_12_dik_profil.011 0
[UV] yon M3_12_dik_profil.012 0
[UV] yon M3_12_dik_profil.013 0
[UV] yon M3_12_dik_profil.014 0
[UV] yon M3_12_dik_profil.015 0
[UV] yon M3_12_dik_profil.016 0
[UV] yon M3_12_dik_profil.017 0
[UV] yon M3_12_dik_profil.018 0
[UV] yon M3_12_dik_profil.019 0
[UV] yon M3_12_dik_profil.020 0
[UV] yon M3_12_dik_profil.021 0
[UV] yon M3_12_dik_profil.022 0
[UV] yon M3_12_esik_doseme.001 0
[UV] yon M3_12_gobek.012 0
[UV] yon M3_12_gobek.013 1
[UV] yon M3_12_gobek.001 2
[UV] yon M3_12_gobek.002 0
[UV] yon M3_12_gobek.003 0
[UV] yon M3_12_gobek.004 1
[UV] yon M3_12_gobek.005 0
[UV] yon M3_12_gobek.006 0
[UV] yon M3_12_gobek.007 0
[UV] yon M3_12_gobek.008 0
[UV] yon M3_12_gobek.009 0
[UV] yon M3_12_gobek.010 0
[UV] yon M3_12_kanat.001 0
[UV] yon M3_12_kasa.002 0
[UV] yon M3_12_kasa.003 0
[UV] yon M3_12_pervaz.004 0
[UV] yon M3_12_pervaz.005 0
[UV] yon M3_12_pervaz.001 0
[UV] yon M3_12_pervaz.002 0
[UV] yon M3_12_ust_kasa.001 0
[UV] yon M3_12_ust_pervaz.002 0
[UV] yon M3_12_ust_pervaz.003 0
[UV] yon M3_12_yatay_profil.024 0
[UV] yon M3_12_yatay_profil.025 0
[UV] yon M3_12_yatay_profil.001 0
[UV] yon M3_12_yatay_profil.002 0
[UV] yon M3_12_yatay_profil.003 0
[UV] yon M3_12_yatay_profil.004 0
[UV] yon M3_12_yatay_profil.005 0
[UV] yon M3_12_yatay_profil.006 0
[UV] yon M3_12_yatay_profil.007 0
[UV] yon M3_12_yatay_profil.008 0
[UV] yon M3_12_yatay_profil.009 0
[UV] yon M3_12_yatay_profil.010 0
[UV] yon M3_12_yatay_profil.011 0
[UV] yon M3_12_yatay_profil.012 0
[UV] yon M3_12_yatay_profil.013 0
[UV] yon M3_12_yatay_profil.014 0
[UV] yon M3_12_yatay_profil.015 0
[UV] yon M3_12_yatay_profil.016 0
[UV] yon M3_12_yatay_profil.017 0
[UV] yon M3_12_yatay_profil.018 0
[UV] yon M3_12_yatay_profil.019 0
[UV] yon M3_12_yatay_profil.020 0
[UV] yon M3_12_yatay_profil.021 0
[UV] yon M3_12_yatay_profil.022 0
[UV] yon M3_13_dik_profil.024 0
[UV] yon M3_13_dik_profil.025 0
[UV] yon M3_13_dik_profil.001 0
[UV] yon M3_13_dik_profil.002 0
[UV] yon M3_13_dik_profil.003 0
[UV] yon M3_13_dik_profil.004 0
[UV] yon M3_13_dik_profil.005 0
[UV] yon M3_13_dik_profil.006 0
[UV] yon M3_13_dik_profil.007 0
[UV] yon M3_13_dik_profil.008 0
[UV] yon M3_13_dik_profil.009 0
[UV] yon M3_13_dik_profil.010 0
[UV] yon M3_13_dik_profil.011 0
[UV] yon M3_13_dik_profil.012 0
[UV] yon M3_13_dik_profil.013 0
[UV] yon M3_13_dik_profil.014 0
[UV] yon M3_13_dik_profil.015 0
[UV] yon M3_13_dik_profil.016 0
[UV] yon M3_13_dik_profil.017 0
[UV] yon M3_13_dik_profil.018 0
[UV] yon M3_13_dik_profil.019 0
[UV] yon M3_13_dik_profil.020 0
[UV] yon M3_13_dik_profil.021 0
[UV] yon M3_13_dik_profil.022 0
[UV] yon M3_13_esik_doseme.001 0
[UV] yon M3_13_gobek.012 6
[UV] yon M3_13_gobek.013 8
[UV] yon M3_13_gobek.001 8
[UV] yon M3_13_gobek.002 5
[UV] yon M3_13_gobek.003 6
[UV] yon M3_13_gobek.004 6
[UV] yon M3_13_gobek.005 8
[UV] yon M3_13_gobek.006 8
[UV] yon M3_13_gobek.007 8
[UV] yon M3_13_gobek.008 5
[UV] yon M3_13_gobek.009 6
[UV] yon M3_13_gobek.010 6
[UV] yon M3_13_kanat.001 0
[UV] yon M3_13_kasa.002 0
[UV] yon M3_13_kasa.003 0
[UV] yon M3_13_kasa_bini.002 0
[UV] yon M3_13_kasa_bini.003 0
[UV] yon M3_13_pervaz.004 0
[UV] yon M3_13_pervaz.005 0
[UV] yon M3_13_pervaz.001 0
[UV] yon M3_13_pervaz.002 0
[UV] yon M3_13_ust_bini.001 0
[UV] yon M3_13_ust_kasa.001 0
[UV] yon M3_13_ust_pervaz.002 0
[UV] yon M3_13_ust_pervaz.003 0
[UV] yon M3_13_yatay_profil.024 0
[UV] yon M3_13_yatay_profil.025 0
[UV] yon M3_13_yatay_profil.001 0
[UV] yon M3_13_yatay_profil.002 0
[UV] yon M3_13_yatay_profil.003 0
[UV] yon M3_13_yatay_profil.004 0
[UV] yon M3_13_yatay_profil.005 0
[UV] yon M3_13_yatay_profil.006 0
[UV] yon M3_13_yatay_profil.007 0
[UV] yon M3_13_yatay_profil.008 0
[UV] yon M3_13_yatay_profil.009 0
[UV] yon M3_13_yatay_profil.010 0
[UV] yon M3_13_yatay_profil.011 0
[UV] yon M3_13_yatay_profil.012 0
[UV] yon M3_13_yatay_profil.013 0
[UV] yon M3_13_yatay_profil.014 0
[UV] yon M3_13_yatay_profil.015 0
[UV] yon M3_13_yatay_profil.016 0
[UV] yon M3_13_yatay_profil.017 0
[UV] yon M3_13_yatay_profil.018 0
[UV] yon M3_13_yatay_profil.019 0
[UV] yon M3_13_yatay_profil.020 0
[UV] yon M3_13_yatay_profil.021 0
[UV] yon M3_13_yatay_profil.022 0
[UV] yon M3C_kapi_ustu.001 2
[UV] yon M3C_sag_yan.001 0
[UV] yon M3C_sol_yan.001 0
[UV] yon plot-grass.002 38
[UV] yon chrome (5).002 0
[UV] yon canopy.002 0
[UV] yon pool_tile.002 0
[UV] yon Garden | Dark stained canopy timber.002 0
[UV] yon Retaining wall rough limestone (1).002 5
[UV] yon stone_tile (4).001 0
[UV] yon white_trim (5).002 0
[UV] yon Retaining wall rough limestone.001 0
Info: Saved as "uv-hazir.blend"
[UV] HAZIR 1654 ters 9410
Blender 5.2.1 LTS (hash 9e2066aef7ef built 2026-08-25 02:38:20)

Blender quit
